ecp_alt.c:1052:12:ecp_modp	16	static
ecp_alt.c:1137:12:ecp_normalize_jac	48	static
ecp_alt.c:1318:12:ecp_double_jac	80	static
ecp_alt.c:1190:12:ecp_normalize_jac_many	96	static
ecp_alt.c:441:31:mbedtls_ecp_curve_list	0	static
ecp_alt.c:449:29:mbedtls_ecp_grp_id_list	4	static
ecp_alt.c:475:31:mbedtls_ecp_curve_info_from_grp_id	0	static
ecp_alt.c:493:31:mbedtls_ecp_curve_info_from_tls_id	0	static
ecp_alt.c:511:31:mbedtls_ecp_curve_info_from_name	16	static
ecp_alt.c:546:6:mbedtls_ecp_point_init	8	static
ecp_alt.c:558:6:mbedtls_ecp_group_init	16	static
ecp_alt.c:582:6:mbedtls_ecp_keypair_init	16	static
ecp_alt.c:594:6:mbedtls_ecp_point_free	8	static
ecp_alt.c:607:6:mbedtls_ecp_group_free	16	static
ecp_alt.c:636:6:mbedtls_ecp_keypair_free_o	8	static
ecp_alt.c:662:6:mbedtls_ecp_keypair_free	8	static
ecp_alt.c:671:5:mbedtls_ecp_copy	16	static
ecp_alt.c:688:5:mbedtls_ecp_group_copy	0	static
ecp_alt.c:699:5:mbedtls_ecp_set_zero	8	static
ecp_alt.c:1416:12:ecp_add_mixed	128	static
ecp_alt.c:1976:12:ecp_mul_comb_after_precomp.isra.11.constprop	400	static
ecp_alt.c:2413:5:mbedtls_ecp_mul_restartable.part.17	232	static
ecp_alt.c:715:5:mbedtls_ecp_is_zero	8	static
ecp_alt.c:725:5:mbedtls_ecp_point_cmp	16	static
ecp_alt.c:744:5:mbedtls_ecp_point_read_string	16	static
ecp_alt.c:763:5:mbedtls_ecp_point_write_binary	32	static
ecp_alt.c:822:5:mbedtls_ecp_point_read_binary	24	static
ecp_alt.c:865:5:mbedtls_ecp_tls_read_point	24	static
ecp_alt.c:901:5:mbedtls_ecp_tls_write_point	32	static
ecp_alt.c:935:5:mbedtls_ecp_tls_read_group_o	4	static
ecp_alt.c:964:5:mbedtls_ecp_tls_read_group	4	static
ecp_alt.c:975:5:mbedtls_ecp_tls_read_group_id	4	static
ecp_alt.c:1014:5:mbedtls_ecp_tls_write_group	8	static
ecp_alt.c:2581:5:ecp_add	16	static
ecp_alt.c:2737:5:mbedtls_ecp_check_pubkey	48	static
ecp_alt.c:2413:5:mbedtls_ecp_mul_restartable	32	static
ecp_alt.c:2413:5:mbedtls_ecp_mul_restartable.constprop	32	static
ecp_alt.c:2548:12:mbedtls_ecp_mul_shortcuts	32	static
ecp_alt.c:2704:5:mbedtls_ecp_muladd	72	static
ecp_alt.c:2603:5:mbedtls_ecp_muladd_restartable	72	static
ecp_alt.c:2482:5:mbedtls_ecp_mul	32	static
ecp_alt.c:2761:5:mbedtls_ecp_check_privkey	16	static
ecp_alt.c:2802:5:mbedtls_ecp_gen_privkey	40	static
ecp_alt.c:2887:5:mbedtls_ecp_gen_keypair_base	32	static
ecp_alt.c:2910:5:mbedtls_ecp_gen_keypair	32	static
ecp_alt.c:2926:5:mbedtls_ecp_gen_key	32	static
ecp_alt.c:2942:5:mbedtls_ecp_check_pub_priv	208	static
ecp_alt.c:2988:5:mbedtls_ecp_self_test	304	static
