mdns.c:355:1:mdns_readname_loop	40	static
mdns.c:551:1:mdns_build_reverse_v6_domain.part.4	40	static
mdns.c:796:1:mdns_compress_domain.part.10	296	static
mdns.c:845:1:mdns_write_domain	40	static
mdns.c:908:1:mdns_add_question	32	static
mdns.c:1057:1:mdns_read_rr_info.isra.5	32	static
mdns.c:1126:1:mdns_read_answer	24	static
mdns.c:509:1:mdns_build_reverse_v4_domain.part.3	32	static
mdns.c:605:1:mdns_build_host_domain	16	static
mdns.c:624:1:mdns_build_dnssd_domain	16	static
mdns.c:650:1:mdns_build_service_domain.constprop	24	static
mdns.c:1246:1:mdns_add_srv_answer	568	static
mdns.c:650:1:mdns_build_service_domain	24	static
mdns.c:1224:1:mdns_add_servicetype_ptr_answer	552	static
mdns.c:1235:1:mdns_add_servicename_ptr_answer	552	static
mdns.c:1212:1:mdns_add_hostv6_ptr_answer	560	static
mdns.c:1189:1:mdns_add_hostv4_ptr_answer	560	static
mdns.c:1179:1:mdns_add_a_answer	304	static
mdns.c:1269:1:mdns_add_txt_answer	304	static
mdns.c:1202:1:mdns_add_aaaa_answer	304	static
mdns.c:1317:1:mdns_send_outpacket	56	static
mdns.c:1956:1:mdns_send_probe	368	static
mdns.c:1527:1:mdns_announce	88	static
mdns.c:2027:1:mdns_probe	16	static
mdns.c:744:1:check_service.part.9	296	static
mdns.c:1791:1:mdns_handle_response	576	static
mdns.c:677:1:check_host.part.8	320	static
mdns.c:316:1:mdns_domain_add_label	16	static
mdns.c:421:1:mdns_readname	16	static
mdns.c:1570:1:mdns_handle_question	928	static
mdns.c:1861:1:mdns_recv	96	static
mdns.c:455:1:mdns_domain_eq	24	static
mdns.c:796:1:mdns_compress_domain	0	static
mdns.c:2068:1:mdns_resp_add_netif	24	static
mdns.c:2120:1:mdns_resp_remove_netif	16	static
mdns.c:2164:1:mdns_resp_rename_netif	24	static
mdns.c:2200:1:mdns_resp_add_service	48	static
mdns.c:2250:1:mdns_resp_del_service	16	static
mdns.c:2275:1:mdns_resp_rename_service	32	static
mdns.c:2310:1:mdns_resp_add_service_txtitem	24	static
mdns.c:2325:1:mdns_resp_announce	8	static
mdns.c:2352:1:mdns_resp_register_name_result_cb	0	static
mdns.c:2364:1:mdns_resp_restart	16	static
mdns.c:2389:1:mdns_resp_init	8	static
