AbstractEncoderChannel.c:137:5:encodeUnsignedInteger32.part.3	16	static
AbstractEncoderChannel.c:98:5:encodeUnsignedInteger16	16	static
AbstractEncoderChannel.c:137:5:encodeUnsignedInteger32	16	static
AbstractEncoderChannel.c:43:5:encodeUnsignedInteger	16	static
AbstractEncoderChannel.c:190:5:encodeUnsignedInteger64	16	static
AbstractEncoderChannel.c:208:5:encodeInteger	32	static
AbstractEncoderChannel.c:252:5:encodeInteger16	16	static
AbstractEncoderChannel.c:277:5:encodeInteger32	16	static
AbstractEncoderChannel.c:300:5:encodeInteger64	24	static
AbstractEncoderChannel.c:323:5:encodeFloat	32	static
AbstractEncoderChannel.c:339:5:encodeDecimal	16	static
AbstractEncoderChannel.c:354:5:encodeString	16	static
AbstractEncoderChannel.c:393:5:encodeStringValue	32	static
AbstractEncoderChannel.c:447:5:encodeRCSStringValue	40	static
AbstractEncoderChannel.c:513:5:encodeCharacters	16	static
AbstractEncoderChannel.c:528:5:encodeRCSCharacters	32	static
AbstractEncoderChannel.c:564:5:encodeBinary	16	static
AbstractEncoderChannel.c:574:5:encodeBytes	16	static
AbstractEncoderChannel.c:588:5:encodeDateTime	16	static
