AbstractDecoderChannel.c:58:12:_decodeUnsignedInteger	48	static
AbstractDecoderChannel.c:163:5:decodeUnsignedInteger	0	static
AbstractDecoderChannel.c:167:5:decodeUnsignedInteger16	24	static
AbstractDecoderChannel.c:189:5:decodeUnsignedInteger32	24	static
AbstractDecoderChannel.c:218:5:decodeUnsignedInteger64	40	static
AbstractDecoderChannel.c:234:5:decodeInteger	24	static
AbstractDecoderChannel.c:251:5:decodeInteger16	32	static
AbstractDecoderChannel.c:278:5:decodeInteger32	32	static
AbstractDecoderChannel.c:305:5:decodeInteger64	48	static
AbstractDecoderChannel.c:332:5:decodeFloat	48	static
AbstractDecoderChannel.c:348:5:decodeDecimal	16	static
AbstractDecoderChannel.c:363:5:decodeStringOnly	40	static
AbstractDecoderChannel.c:395:5:decodeString	40	static
AbstractDecoderChannel.c:432:5:decodeStringValue	40	static
AbstractDecoderChannel.c:480:5:decodeRCSStringValue	40	static
AbstractDecoderChannel.c:552:5:decodeCharacters	32	static
AbstractDecoderChannel.c:582:5:decodeRCSCharacters	40	static
AbstractDecoderChannel.c:627:5:decodeBinary	24	static
AbstractDecoderChannel.c:649:5:decodeBytes	24	static
AbstractDecoderChannel.c:666:5:decodeDateTime	24	static
