v2gEXIDatatypesEncoder.c:49:5:encode_v2gEVSEChargeParameterType.constprop	8	static
v2gEXIDatatypesEncoder.c:49:5:encode_v2gEVSEChargeParameterType	8	static
v2gEXIDatatypesEncoder.c:506:5:encode_v2gAC_EVSEStatusType	24	static
v2gEXIDatatypesEncoder.c:824:5:encode_v2gSignaturePropertyType	16	static
v2gEXIDatatypesEncoder.c:988:5:encode_v2gSPKIDataType	32	static
v2gEXIDatatypesEncoder.c:1089:5:encode_v2gNotificationType	24	static
v2gEXIDatatypesEncoder.c:1166:5:encode_v2gObjectType	16	static
v2gEXIDatatypesEncoder.c:1475:5:encode_v2gPaymentServiceSelectionResType	24	static
v2gEXIDatatypesEncoder.c:1524:5:encode_v2gRelativeTimeIntervalType	24	static
v2gEXIDatatypesEncoder.c:1597:5:encode_v2gContractSignatureEncryptedPrivateKeyType	16	static
v2gEXIDatatypesEncoder.c:1659:5:encode_v2gSubCertificatesType	48	static
v2gEXIDatatypesEncoder.c:1797:5:encode_v2gPaymentOptionListType	24	static
v2gEXIDatatypesEncoder.c:2005:5:encode_v2gSupportedEnergyTransferModeType	24	static
v2gEXIDatatypesEncoder.c:2175:5:encode_v2gSelectedServiceType	24	static
v2gEXIDatatypesEncoder.c:3368:5:encode_v2gServiceDiscoveryReqType	24	static
v2gEXIDatatypesEncoder.c:3463:5:encode_v2gEVSEStatusType	24	static
v2gEXIDatatypesEncoder.c:4055:5:encode_v2gServiceDetailReqType	24	static
v2gEXIDatatypesEncoder.c:4264:5:encode_v2gPhysicalValueType	24	static
v2gEXIDatatypesEncoder.c:3530:5:encode_v2gProfileEntryType	24	static
v2gEXIDatatypesEncoder.c:2793:5:encode_v2gChargingProfileType	24	static
v2gEXIDatatypesEncoder.c:4104:5:encode_v2gAC_EVSEChargeParameterType	16	static
v2gEXIDatatypesEncoder.c:4349:5:encode_v2gX509IssuerSerialType	24	static
v2gEXIDatatypesEncoder.c:4420:5:encode_v2gListOfRootCertificateIDsType	24	static
v2gEXIDatatypesEncoder.c:4626:5:encode_v2gPMaxScheduleEntryType	16	static
v2gEXIDatatypesEncoder.c:4972:5:encode_v2gPGPDataType	16	static
v2gEXIDatatypesEncoder.c:5122:5:encode_v2gSessionStopReqType	24	static
v2gEXIDatatypesEncoder.c:5171:5:encode_v2gSASchedulesType	8	static
v2gEXIDatatypesEncoder.c:5245:5:encode_v2gDiffieHellmanPublickeyType	16	static
v2gEXIDatatypesEncoder.c:5307:5:encode_v2gSessionSetupReqType	16	static
v2gEXIDatatypesEncoder.c:5642:5:encode_v2gDC_EVStatusType	24	static
v2gEXIDatatypesEncoder.c:80:5:encode_v2gDC_EVPowerDeliveryParameterType	24	static
v2gEXIDatatypesEncoder.c:2321:5:encode_v2gPowerDeliveryReqType	24	static
v2gEXIDatatypesEncoder.c:2534:5:encode_v2gDC_EVChargeParameterType	24	static
v2gEXIDatatypesEncoder.c:4929:5:encode_v2gCableCheckReqType	16	static
v2gEXIDatatypesEncoder.c:5202:5:encode_v2gWeldingDetectionReqType	16	static
v2gEXIDatatypesEncoder.c:5359:5:encode_v2gCurrentDemandReqType	24	static
v2gEXIDatatypesEncoder.c:5727:5:encode_v2gDSAKeyValueType	16	static
v2gEXIDatatypesEncoder.c:6364:5:encode_v2gRSAKeyValueType	16	static
v2gEXIDatatypesEncoder.c:6491:5:encode_v2gAC_EVChargeParameterType	24	static
v2gEXIDatatypesEncoder.c:6594:5:encode_v2gSignatureMethodType	24	static
v2gEXIDatatypesEncoder.c:6707:5:encode_v2gCertificateInstallationReqType	16	static
v2gEXIDatatypesEncoder.c:6787:5:encode_v2gCertificateChainType	16	static
v2gEXIDatatypesEncoder.c:4171:5:encode_v2gCertificateUpdateReqType	24	static
v2gEXIDatatypesEncoder.c:4561:5:encode_v2gPaymentDetailsReqType	16	static
v2gEXIDatatypesEncoder.c:6888:5:encode_v2gSessionSetupResType	24	static
v2gEXIDatatypesEncoder.c:6983:5:encode_v2gCostType	24	static
v2gEXIDatatypesEncoder.c:2442:5:encode_v2gConsumptionCostType	16	static
v2gEXIDatatypesEncoder.c:1871:5:encode_v2gSalesTariffEntryType	24	static
v2gEXIDatatypesEncoder.c:664:5:encode_v2gSalesTariffType	32	static
v2gEXIDatatypesEncoder.c:7074:5:encode_v2gX509DataType	48	static
v2gEXIDatatypesEncoder.c:7264:5:encode_v2gEMAIDType	16	static
v2gEXIDatatypesEncoder.c:4687:5:encode_v2gCertificateUpdateResType	24	static
v2gEXIDatatypesEncoder.c:4820:5:encode_v2gCertificateInstallationResType	24	static
v2gEXIDatatypesEncoder.c:7327:5:encode_v2gMeterInfoType	24	static
v2gEXIDatatypesEncoder.c:2843:5:encode_v2gMeteringReceiptReqType	24	static
v2gEXIDatatypesEncoder.c:5977:5:encode_v2gChargingStatusResType	24	static
v2gEXIDatatypesEncoder.c:7554:5:encode_v2gAuthorizationResType	24	static
v2gEXIDatatypesEncoder.c:7621:5:encode_v2gEntryType	16	static
v2gEXIDatatypesEncoder.c:7670:5:encode_v2gServiceType	24	static
v2gEXIDatatypesEncoder.c:7823:5:encode_v2gSelectedServiceListType	24	static
v2gEXIDatatypesEncoder.c:927:5:encode_v2gPaymentServiceSelectionReqType	24	static
v2gEXIDatatypesEncoder.c:7873:5:encode_v2gChargeServiceType	24	static
v2gEXIDatatypesEncoder.c:8123:5:encode_v2gSignatureValueType	16	static
v2gEXIDatatypesEncoder.c:8194:5:encode_v2gSignaturePropertiesType	24	static
v2gEXIDatatypesEncoder.c:8266:5:encode_v2gAuthorizationReqType	16	static
v2gEXIDatatypesEncoder.c:8361:5:encode_v2gEVStatusType	8	static
v2gEXIDatatypesEncoder.c:8623:5:encode_v2gDigestMethodType	16	static
v2gEXIDatatypesEncoder.c:8694:5:encode_v2gKeyValueType	16	static
v2gEXIDatatypesEncoder.c:8776:5:encode_v2gEVPowerDeliveryParameterType	8	static
v2gEXIDatatypesEncoder.c:8807:5:encode_v2gTransformType	32	static
v2gEXIDatatypesEncoder.c:3318:5:encode_v2gTransformsType	24	static
v2gEXIDatatypesEncoder.c:6168:5:encode_v2gReferenceType	16	static
v2gEXIDatatypesEncoder.c:1335:5:encode_v2gManifestType	24	static
v2gEXIDatatypesEncoder.c:8913:5:encode_v2gBodyBaseType	8	static
v2gEXIDatatypesEncoder.c:8944:5:encode_v2gSessionStopResType	24	static
v2gEXIDatatypesEncoder.c:8993:5:encode_v2gParameterType	24	static
v2gEXIDatatypesEncoder.c:1407:5:encode_v2gParameterSetType	32	static
v2gEXIDatatypesEncoder.c:5072:5:encode_v2gServiceParameterListType	24	static
v2gEXIDatatypesEncoder.c:8038:5:encode_v2gServiceDetailResType	24	static
v2gEXIDatatypesEncoder.c:9116:5:encode_v2gServiceListType	16	static
v2gEXIDatatypesEncoder.c:4470:5:encode_v2gServiceDiscoveryResType	24	static
v2gEXIDatatypesEncoder.c:9286:5:encode_v2gRetrievalMethodType	16	static
v2gEXIDatatypesEncoder.c:3615:5:encode_v2gKeyInfoType	64	static
v2gEXIDatatypesEncoder.c:9401:5:encode_v2gEVChargeParameterType	24	static
v2gEXIDatatypesEncoder.c:2962:5:encode_v2gChargeParameterDiscoveryReqType	24	static
v2gEXIDatatypesEncoder.c:9456:5:encode_v2gCanonicalizationMethodType	16	static
v2gEXIDatatypesEncoder.c:9527:5:encode_v2gIntervalType	8	static
v2gEXIDatatypesEncoder.c:9558:5:encode_v2gPreChargeReqType	16	static
v2gEXIDatatypesEncoder.c:9625:5:encode_v2gDC_EVSEStatusType	24	static
v2gEXIDatatypesEncoder.c:171:5:encode_v2gCurrentDemandResType	24	static
v2gEXIDatatypesEncoder.c:591:5:encode_v2gPreChargeResType	24	static
v2gEXIDatatypesEncoder.c:2248:5:encode_v2gWeldingDetectionResType	24	static
v2gEXIDatatypesEncoder.c:8392:5:encode_v2gDC_EVSEChargeParameterType	16	static
v2gEXIDatatypesEncoder.c:9848:5:encode_v2gCableCheckResType	24	static
v2gEXIDatatypesEncoder.c:9927:5:encode_v2gPaymentDetailsResType	24	static
v2gEXIDatatypesEncoder.c:10015:5:encode_v2gChargingStatusReqType	8	static
v2gEXIDatatypesEncoder.c:10046:5:encode_v2gPMaxScheduleType	24	static
v2gEXIDatatypesEncoder.c:10223:5:encode_v2gPowerDeliveryResType	24	static
v2gEXIDatatypesEncoder.c:10296:5:encode_v2gSAScheduleTupleType	24	static
v2gEXIDatatypesEncoder.c:8543:5:encode_v2gSAScheduleListType	16	static
v2gEXIDatatypesEncoder.c:10096:5:encode_v2gChargeParameterDiscoveryResType	24	static
v2gEXIDatatypesEncoder.c:10375:5:encode_v2gSignedInfoType	24	static
v2gEXIDatatypesEncoder.c:9740:5:encode_v2gSignatureType	24	static
v2gEXIDatatypesEncoder.c:3961:5:encode_v2gMessageHeaderType	16	static
v2gEXIDatatypesEncoder.c:10471:5:encode_v2gMeteringReceiptResType	24	static
v2gEXIDatatypesEncoder.c:3065:5:encode_v2gBodyType	16	static
v2gEXIDatatypesEncoder.c:6437:5:encode_v2gAnonType_V2G_Message	16	static
v2gEXIDatatypesEncoder.c:10545:5:encode_v2gExiDocument	32	static
