v2gEXIDatatypes.c:44:6:init_v2gEXIDocument	4	static
v2gEXIDatatypes.c:432:6:init_v2gEVSEChargeParameterType	0	static
v2gEXIDatatypes.c:435:6:init_v2gDC_EVPowerDeliveryParameterType	0	static
v2gEXIDatatypes.c:439:6:init_v2gCurrentDemandResType	8	static
v2gEXIDatatypes.c:447:6:init_v2gAC_EVSEStatusType	0	static
v2gEXIDatatypes.c:450:6:init_v2gPreChargeResType	0	static
v2gEXIDatatypes.c:453:6:init_v2gSalesTariffType	4	static
v2gEXIDatatypes.c:460:6:init_v2gSignaturePropertyType	0	static
v2gEXIDatatypes.c:464:6:init_v2gPaymentServiceSelectionReqType	0	static
v2gEXIDatatypes.c:467:6:init_v2gSPKIDataType	0	static
v2gEXIDatatypes.c:471:6:init_v2gNotificationType	0	static
v2gEXIDatatypes.c:475:6:init_v2gObjectType	0	static
v2gEXIDatatypes.c:481:6:init_v2gManifestType	0	static
v2gEXIDatatypes.c:486:6:init_v2gParameterSetType	0	static
v2gEXIDatatypes.c:490:6:init_v2gPaymentServiceSelectionResType	0	static
v2gEXIDatatypes.c:493:6:init_v2gRelativeTimeIntervalType	0	static
v2gEXIDatatypes.c:497:6:init_v2gContractSignatureEncryptedPrivateKeyType	0	static
v2gEXIDatatypes.c:500:6:init_v2gSubCertificatesType	0	static
v2gEXIDatatypes.c:504:6:init_v2gPaymentOptionListType	0	static
v2gEXIDatatypes.c:508:6:init_v2gSalesTariffEntryType	4	static
v2gEXIDatatypes.c:515:6:init_v2gSupportedEnergyTransferModeType	0	static
v2gEXIDatatypes.c:519:6:init_v2gSelectedServiceType	0	static
v2gEXIDatatypes.c:523:6:init_v2gWeldingDetectionResType	0	static
v2gEXIDatatypes.c:526:6:init_v2gPowerDeliveryReqType	0	static
v2gEXIDatatypes.c:532:6:init_v2gConsumptionCostType	0	static
v2gEXIDatatypes.c:536:6:init_v2gDC_EVChargeParameterType	12	static
v2gEXIDatatypes.c:545:6:init_v2gChargingProfileType	0	static
v2gEXIDatatypes.c:549:6:init_v2gMeteringReceiptReqType	0	static
v2gEXIDatatypes.c:554:6:init_v2gChargeParameterDiscoveryReqType	4	static
v2gEXIDatatypes.c:561:6:init_v2gBodyType	4	static
v2gEXIDatatypes.c:599:6:init_v2gTransformsType	0	static
v2gEXIDatatypes.c:603:6:init_v2gServiceDiscoveryReqType	0	static
v2gEXIDatatypes.c:608:6:init_v2gEVSEStatusType	0	static
v2gEXIDatatypes.c:611:6:init_v2gProfileEntryType	0	static
v2gEXIDatatypes.c:615:6:init_v2gKeyInfoType	8	static
v2gEXIDatatypes.c:626:6:init_v2gMessageHeaderType	0	static
v2gEXIDatatypes.c:631:6:init_v2gServiceDetailReqType	0	static
v2gEXIDatatypes.c:634:6:init_v2gAC_EVSEChargeParameterType	0	static
v2gEXIDatatypes.c:637:6:init_v2gCertificateUpdateReqType	0	static
v2gEXIDatatypes.c:640:6:init_v2gPhysicalValueType	0	static
v2gEXIDatatypes.c:643:6:init_v2gX509IssuerSerialType	0	static
v2gEXIDatatypes.c:646:6:init_v2gListOfRootCertificateIDsType	0	static
v2gEXIDatatypes.c:650:6:init_v2gServiceDiscoveryResType	0	static
v2gEXIDatatypes.c:654:6:init_v2gPaymentDetailsReqType	0	static
v2gEXIDatatypes.c:657:6:init_v2gPMaxScheduleEntryType	0	static
v2gEXIDatatypes.c:662:6:init_v2gCertificateUpdateResType	0	static
v2gEXIDatatypes.c:666:6:init_v2gCertificateInstallationResType	0	static
v2gEXIDatatypes.c:669:6:init_v2gCableCheckReqType	0	static
v2gEXIDatatypes.c:672:6:init_v2gPGPDataType	0	static
v2gEXIDatatypes.c:677:6:init_v2gServiceParameterListType	0	static
v2gEXIDatatypes.c:681:6:init_v2gSessionStopReqType	0	static
v2gEXIDatatypes.c:684:6:init_v2gSASchedulesType	0	static
v2gEXIDatatypes.c:687:6:init_v2gWeldingDetectionReqType	0	static
v2gEXIDatatypes.c:690:6:init_v2gDiffieHellmanPublickeyType	0	static
v2gEXIDatatypes.c:693:6:init_v2gSessionSetupReqType	0	static
v2gEXIDatatypes.c:696:6:init_v2gCurrentDemandReqType	12	static
v2gEXIDatatypes.c:705:6:init_v2gDC_EVStatusType	0	static
v2gEXIDatatypes.c:708:6:init_v2gDSAKeyValueType	12	static
v2gEXIDatatypes.c:717:6:init_v2gChargingStatusResType	0	static
v2gEXIDatatypes.c:723:6:init_v2gReferenceType	4	static
v2gEXIDatatypes.c:730:6:init_v2gRSAKeyValueType	0	static
v2gEXIDatatypes.c:733:6:init_v2gAnonType_V2G_Message	0	static
v2gEXIDatatypes.c:736:6:init_v2gAC_EVChargeParameterType	0	static
v2gEXIDatatypes.c:740:6:init_v2gSignatureMethodType	0	static
v2gEXIDatatypes.c:744:6:init_v2gCertificateInstallationReqType	0	static
v2gEXIDatatypes.c:747:6:init_v2gCertificateChainType	0	static
v2gEXIDatatypes.c:752:6:init_v2gSessionSetupResType	0	static
v2gEXIDatatypes.c:756:6:init_v2gCostType	0	static
v2gEXIDatatypes.c:760:6:init_v2gX509DataType	0	static
v2gEXIDatatypes.c:768:6:init_v2gEMAIDType	0	static
v2gEXIDatatypes.c:771:6:init_v2gMeterInfoType	4	static
v2gEXIDatatypes.c:778:6:init_v2gAuthorizationResType	0	static
v2gEXIDatatypes.c:781:6:init_v2gEntryType	0	static
v2gEXIDatatypes.c:786:6:init_v2gServiceType	0	static
v2gEXIDatatypes.c:791:6:init_v2gSelectedServiceListType	0	static
v2gEXIDatatypes.c:795:6:init_v2gChargeServiceType	0	static
v2gEXIDatatypes.c:800:6:init_v2gServiceDetailResType	0	static
v2gEXIDatatypes.c:804:6:init_v2gSignatureValueType	0	static
v2gEXIDatatypes.c:808:6:init_v2gSignaturePropertiesType	0	static
v2gEXIDatatypes.c:813:6:init_v2gAuthorizationReqType	0	static
v2gEXIDatatypes.c:818:6:init_v2gEVStatusType	0	static
v2gEXIDatatypes.c:821:6:init_v2gDC_EVSEChargeParameterType	0	static
v2gEXIDatatypes.c:826:6:init_v2gSAScheduleListType	0	static
v2gEXIDatatypes.c:830:6:init_v2gDigestMethodType	0	static
v2gEXIDatatypes.c:833:6:init_v2gKeyValueType	0	static
v2gEXIDatatypes.c:838:6:init_v2gEVPowerDeliveryParameterType	0	static
v2gEXIDatatypes.c:841:6:init_v2gTransformType	0	static
v2gEXIDatatypes.c:845:6:init_v2gBodyBaseType	0	static
v2gEXIDatatypes.c:848:6:init_v2gSessionStopResType	0	static
v2gEXIDatatypes.c:851:6:init_v2gParameterType	12	static
v2gEXIDatatypes.c:860:6:init_v2gServiceListType	0	static
v2gEXIDatatypes.c:864:6:init_v2gRetrievalMethodType	0	static
v2gEXIDatatypes.c:870:6:init_v2gEVChargeParameterType	0	static
v2gEXIDatatypes.c:874:6:init_v2gCanonicalizationMethodType	0	static
v2gEXIDatatypes.c:877:6:init_v2gIntervalType	0	static
v2gEXIDatatypes.c:880:6:init_v2gPreChargeReqType	0	static
v2gEXIDatatypes.c:883:6:init_v2gDC_EVSEStatusType	0	static
v2gEXIDatatypes.c:887:6:init_v2gSignatureType	8	static
v2gEXIDatatypes.c:893:6:init_v2gCableCheckResType	0	static
v2gEXIDatatypes.c:896:6:init_v2gPaymentDetailsResType	0	static
v2gEXIDatatypes.c:899:6:init_v2gChargingStatusReqType	0	static
v2gEXIDatatypes.c:902:6:init_v2gPMaxScheduleType	0	static
v2gEXIDatatypes.c:906:6:init_v2gChargeParameterDiscoveryResType	8	static
v2gEXIDatatypes.c:914:6:init_v2gPowerDeliveryResType	0	static
v2gEXIDatatypes.c:920:6:init_v2gSAScheduleTupleType	0	static
v2gEXIDatatypes.c:924:6:init_v2gSignedInfoType	0	static
v2gEXIDatatypes.c:929:6:init_v2gMeteringReceiptResType	0	static
