v2gEXIDatatypesDecoder.c:53:5:decodeDeviationsCH	32	static
v2gEXIDatatypesDecoder.c:70:5:decode_v2gEVSEChargeParameterType	16	static
v2gEXIDatatypesDecoder.c:768:5:decode_v2gAC_EVSEStatusType	24	static
v2gEXIDatatypesDecoder.c:1261:5:decode_v2gSignaturePropertyType	32	static
v2gEXIDatatypesDecoder.c:1497:5:decode_v2gSPKIDataType	32	static
v2gEXIDatatypesDecoder.c:1659:5:decode_v2gNotificationType	24	static
v2gEXIDatatypesDecoder.c:1776:5:decode_v2gObjectType	24	static
v2gEXIDatatypesDecoder.c:2205:5:decode_v2gPaymentServiceSelectionResType	24	static
v2gEXIDatatypesDecoder.c:2273:5:decode_v2gRelativeTimeIntervalType	24	static
v2gEXIDatatypesDecoder.c:2377:5:decode_v2gContractSignatureEncryptedPrivateKeyType	24	static
v2gEXIDatatypesDecoder.c:2460:5:decode_v2gSubCertificatesType	24	static
v2gEXIDatatypesDecoder.c:2679:5:decode_v2gPaymentOptionListType	24	static
v2gEXIDatatypesDecoder.c:2965:5:decode_v2gSupportedEnergyTransferModeType	24	static
v2gEXIDatatypesDecoder.c:3248:5:decode_v2gSelectedServiceType	24	static
v2gEXIDatatypesDecoder.c:4773:5:decode_v2gServiceDiscoveryReqType	32	static
v2gEXIDatatypesDecoder.c:4918:5:decode_v2gEVSEStatusType	24	static
v2gEXIDatatypesDecoder.c:5837:5:decode_v2gServiceDetailReqType	24	static
v2gEXIDatatypesDecoder.c:6120:5:decode_v2gPhysicalValueType	24	static
v2gEXIDatatypesDecoder.c:5018:5:decode_v2gProfileEntryType	24	static
v2gEXIDatatypesDecoder.c:4094:5:decode_v2gChargingProfileType	24	static
v2gEXIDatatypesDecoder.c:5904:5:decode_v2gAC_EVSEChargeParameterType	24	static
v2gEXIDatatypesDecoder.c:6253:5:decode_v2gX509IssuerSerialType	24	static
v2gEXIDatatypesDecoder.c:6364:5:decode_v2gListOfRootCertificateIDsType	24	static
v2gEXIDatatypesDecoder.c:6638:5:decode_v2gPMaxScheduleEntryType	24	static
v2gEXIDatatypesDecoder.c:7082:5:decode_v2gPGPDataType	24	static
v2gEXIDatatypesDecoder.c:7299:5:decode_v2gSessionStopReqType	24	static
v2gEXIDatatypesDecoder.c:7367:5:decode_v2gSASchedulesType	16	static
v2gEXIDatatypesDecoder.c:7452:5:decode_v2gDiffieHellmanPublickeyType	24	static
v2gEXIDatatypesDecoder.c:7535:5:decode_v2gSessionSetupReqType	24	static
v2gEXIDatatypesDecoder.c:8011:5:decode_v2gDC_EVStatusType	24	static
v2gEXIDatatypesDecoder.c:105:5:decode_v2gDC_EVPowerDeliveryParameterType	24	static
v2gEXIDatatypesDecoder.c:3450:5:decode_v2gPowerDeliveryReqType	32	static
v2gEXIDatatypesDecoder.c:3721:5:decode_v2gDC_EVChargeParameterType	32	static
v2gEXIDatatypesDecoder.c:7032:5:decode_v2gCableCheckReqType	24	static
v2gEXIDatatypesDecoder.c:7402:5:decode_v2gWeldingDetectionReqType	24	static
v2gEXIDatatypesDecoder.c:7608:5:decode_v2gCurrentDemandReqType	24	static
v2gEXIDatatypesDecoder.c:8144:5:decode_v2gDSAKeyValueType	24	static
v2gEXIDatatypesDecoder.c:9125:5:decode_v2gRSAKeyValueType	24	static
v2gEXIDatatypesDecoder.c:9301:5:decode_v2gAC_EVChargeParameterType	24	static
v2gEXIDatatypesDecoder.c:9433:5:decode_v2gSignatureMethodType	24	static
v2gEXIDatatypesDecoder.c:9593:5:decode_v2gCertificateInstallationReqType	24	static
v2gEXIDatatypesDecoder.c:9708:5:decode_v2gCertificateChainType	24	static
v2gEXIDatatypesDecoder.c:5984:5:decode_v2gCertificateUpdateReqType	24	static
v2gEXIDatatypesDecoder.c:6544:5:decode_v2gPaymentDetailsReqType	24	static
v2gEXIDatatypesDecoder.c:9856:5:decode_v2gSessionSetupResType	24	static
v2gEXIDatatypesDecoder.c:10005:5:decode_v2gCostType	24	static
v2gEXIDatatypesDecoder.c:3606:5:decode_v2gConsumptionCostType	24	static
v2gEXIDatatypesDecoder.c:2794:5:decode_v2gSalesTariffEntryType	24	static
v2gEXIDatatypesDecoder.c:998:5:decode_v2gSalesTariffType	32	static
v2gEXIDatatypesDecoder.c:10143:5:decode_v2gX509DataType	32	static
v2gEXIDatatypesDecoder.c:10483:5:decode_v2gEMAIDType	24	static
v2gEXIDatatypesDecoder.c:6709:5:decode_v2gCertificateUpdateResType	24	static
v2gEXIDatatypesDecoder.c:6889:5:decode_v2gCertificateInstallationResType	24	static
v2gEXIDatatypesDecoder.c:10572:5:decode_v2gMeterInfoType	24	static
v2gEXIDatatypesDecoder.c:4156:5:decode_v2gMeteringReceiptReqType	24	static
v2gEXIDatatypesDecoder.c:8569:5:decode_v2gChargingStatusResType	24	static
v2gEXIDatatypesDecoder.c:10943:5:decode_v2gAuthorizationResType	24	static
v2gEXIDatatypesDecoder.c:11044:5:decode_v2gEntryType	24	static
v2gEXIDatatypesDecoder.c:11100:5:decode_v2gServiceType	24	static
v2gEXIDatatypesDecoder.c:11365:5:decode_v2gSelectedServiceListType	24	static
v2gEXIDatatypesDecoder.c:1414:5:decode_v2gPaymentServiceSelectionReqType	24	static
v2gEXIDatatypesDecoder.c:11427:5:decode_v2gChargeServiceType	24	static
v2gEXIDatatypesDecoder.c:11827:5:decode_v2gSignatureValueType	24	static
v2gEXIDatatypesDecoder.c:11921:5:decode_v2gSignaturePropertiesType	32	static
v2gEXIDatatypesDecoder.c:12019:5:decode_v2gAuthorizationReqType	24	static
v2gEXIDatatypesDecoder.c:12157:5:decode_v2gEVStatusType	16	static
v2gEXIDatatypesDecoder.c:12472:5:decode_v2gDigestMethodType	24	static
v2gEXIDatatypesDecoder.c:12565:5:decode_v2gKeyValueType	24	static
v2gEXIDatatypesDecoder.c:12661:5:decode_v2gEVPowerDeliveryParameterType	16	static
v2gEXIDatatypesDecoder.c:12696:5:decode_v2gTransformType	32	static
v2gEXIDatatypesDecoder.c:4711:5:decode_v2gTransformsType	32	static
v2gEXIDatatypesDecoder.c:8855:5:decode_v2gReferenceType	24	static
v2gEXIDatatypesDecoder.c:2013:5:decode_v2gManifestType	32	static
v2gEXIDatatypesDecoder.c:12865:5:decode_v2gBodyBaseType	16	static
v2gEXIDatatypesDecoder.c:12900:5:decode_v2gSessionStopResType	24	static
v2gEXIDatatypesDecoder.c:12968:5:decode_v2gParameterType	24	static
v2gEXIDatatypesDecoder.c:2111:5:decode_v2gParameterSetType	24	static
v2gEXIDatatypesDecoder.c:7237:5:decode_v2gServiceParameterListType	32	static
v2gEXIDatatypesDecoder.c:11707:5:decode_v2gServiceDetailResType	24	static
v2gEXIDatatypesDecoder.c:13169:5:decode_v2gServiceListType	24	static
v2gEXIDatatypesDecoder.c:6426:5:decode_v2gServiceDiscoveryResType	24	static
v2gEXIDatatypesDecoder.c:13384:5:decode_v2gRetrievalMethodType	24	static
v2gEXIDatatypesDecoder.c:5138:5:decode_v2gKeyInfoType	40	static
v2gEXIDatatypesDecoder.c:13530:5:decode_v2gEVChargeParameterType	24	static
v2gEXIDatatypesDecoder.c:4337:5:decode_v2gChargeParameterDiscoveryReqType	32	static
v2gEXIDatatypesDecoder.c:13602:5:decode_v2gCanonicalizationMethodType	24	static
v2gEXIDatatypesDecoder.c:13695:5:decode_v2gIntervalType	16	static
v2gEXIDatatypesDecoder.c:13730:5:decode_v2gPreChargeReqType	24	static
v2gEXIDatatypesDecoder.c:13810:5:decode_v2gDC_EVSEStatusType	24	static
v2gEXIDatatypesDecoder.c:241:5:decode_v2gCurrentDemandResType	32	static
v2gEXIDatatypesDecoder.c:900:5:decode_v2gPreChargeResType	24	static
v2gEXIDatatypesDecoder.c:3352:5:decode_v2gWeldingDetectionResType	24	static
v2gEXIDatatypesDecoder.c:12192:5:decode_v2gDC_EVSEChargeParameterType	24	static
v2gEXIDatatypesDecoder.c:14132:5:decode_v2gCableCheckResType	24	static
v2gEXIDatatypesDecoder.c:14248:5:decode_v2gPaymentDetailsResType	24	static
v2gEXIDatatypesDecoder.c:14386:5:decode_v2gChargingStatusReqType	16	static
v2gEXIDatatypesDecoder.c:14421:5:decode_v2gPMaxScheduleType	24	static
v2gEXIDatatypesDecoder.c:14646:5:decode_v2gPowerDeliveryResType	24	static
v2gEXIDatatypesDecoder.c:14740:5:decode_v2gSAScheduleTupleType	24	static
v2gEXIDatatypesDecoder.c:12372:5:decode_v2gSAScheduleListType	24	static
v2gEXIDatatypesDecoder.c:14483:5:decode_v2gChargeParameterDiscoveryResType	24	static
v2gEXIDatatypesDecoder.c:14843:5:decode_v2gSignedInfoType	32	static
v2gEXIDatatypesDecoder.c:13999:5:decode_v2gSignatureType	32	static
v2gEXIDatatypesDecoder.c:5719:5:decode_v2gMessageHeaderType	24	static
v2gEXIDatatypesDecoder.c:14967:5:decode_v2gMeteringReceiptResType	24	static
v2gEXIDatatypesDecoder.c:4486:5:decode_v2gBodyType	24	static
v2gEXIDatatypesDecoder.c:9236:5:decode_v2gAnonType_V2G_Message	24	static
v2gEXIDatatypesDecoder.c:15063:5:decode_v2gExiDocument	24	static
