fsl_gpio.h:155:20:GPIO_PinWrite	32	static
main.c:80:6:FTM0_IRQHandler	8	static
main.c:190:12:cgi_rtc_data	80	static
main.c:235:12:cgi_example	168	static
main.c:292:13:cgi_get_varval	40	static
main.c:331:12:ssi_date_time	24	static
main.c:345:13:cgi_urldecode	24	static
main.c:373:10:ws_echo_connect	16	static
main.c:381:10:ws_echo_disconnect	16	static
main.c:389:10:ws_echo_message	16	static
main.c:409:10:ws_echo_error	16	static
main.c:424:13:http_srv_txt	16	static
main.c:432:13:stack_init	48	static
main.c:474:13:http_server_socket_init	64	static
main.c:504:13:main_thread	16	static
main.c:519:5:main	56	static
main.c:601:13:cp_handler	104	static
