fsl_gpio.h:155:20:GPIO_PinWrite	32	static
main.c:74:6:FTM0_IRQHandler	8	static
main.c:184:12:cgi_rtc_data	80	static
main.c:229:12:cgi_example	168	static
main.c:286:13:cgi_get_varval	40	static
main.c:325:12:ssi_date_time	24	static
main.c:339:13:cgi_urldecode	24	static
main.c:367:10:ws_echo_connect	16	static
main.c:375:10:ws_echo_disconnect	16	static
main.c:383:10:ws_echo_message	16	static
main.c:403:10:ws_echo_error	16	static
main.c:418:13:http_srv_txt	16	static
main.c:426:13:stack_init	48	static
main.c:468:13:http_server_socket_init	64	static
main.c:495:6:udp_rx_print	24	static
main.c:506:13:main_thread	16	static
main.c:518:13:secc_discovery_thread	168	static
main.c:670:5:main	24	static
main.c:716:13:cp_handler	104	static
