fsl_gpio.h:155:20:GPIO_PinWrite	32	static
main.c:72:6:FTM0_IRQHandler	8	static
main.c:182:12:cgi_rtc_data	80	static
main.c:227:12:cgi_example	168	static
main.c:284:13:cgi_get_varval	40	static
main.c:323:12:ssi_date_time	24	static
main.c:337:13:cgi_urldecode	24	static
main.c:365:10:ws_echo_connect	16	static
main.c:373:10:ws_echo_disconnect	16	static
main.c:381:10:ws_echo_message	16	static
main.c:401:10:ws_echo_error	16	static
main.c:416:13:http_srv_txt	16	static
main.c:424:13:stack_init	48	static
main.c:466:13:http_server_socket_init	64	static
main.c:493:6:udp_rx_print	24	static
main.c:504:13:main_thread	16	static
main.c:519:5:main	64	static
main.c:600:13:cp_handler	104	static
