v2g.c:49:13:init_v2gExiDoc_response	16	static
v2g.c:60:12:serializeEXI2Stream	24	static
v2g.c:70:12:deserializeStream2EXI	24	static
v2g.c:83:13:secc_discovery_protocol	64	static
v2g.c:197:13:v2g_session	4160	static
v2g.c:434:6:supported_app_protocol_req	1216	static
v2g.c:514:6:handle_session_setup	1216	static
v2g.c:642:6:handle_service_discovery	7536	static
v2g.c:724:6:handle_service_detail	7544	static
v2g.c:813:6:handle_payment_service_selection	7544	static
v2g.c:876:6:handle_payment_details	7536	static
v2g.c:900:6:handle_certificate_installation	7536	static
v2g.c:1125:6:handle_authorization	7536	static
v2g.c:1152:6:handle_charge_param_discovery	7544	static
v2g.c:1282:6:handle_cable_check	7536	static
v2g.c:1315:6:handle_pre_charge	7536	static
v2g.c:1353:6:handle_power_delivery	7536	static
v2g.c:1411:6:handle_current_demand	7536	static
v2g.c:1469:6:handle_welding_detection	7536	static
v2g.c:1492:6:handle_charging_status	7536	static
v2g.c:1519:6:handle_session_stop	7536	static
v2g.c:1534:8:v2g_physical_val_get	24	static
v2g.c:1538:6:check_ev_session_id	8	static
v2g.c:1551:6:v2g_init	16	static
v2g.c:1558:6:sdp_init	16	static
