v2g.c:49:13:init_v2gExiDoc_response	16	static
v2g.c:60:12:serializeEXI2Stream	24	static
v2g.c:70:12:deserializeStream2EXI	24	static
v2g.c:83:13:secc_discovery_protocol	64	static
v2g.c:197:13:v2g_session	4160	static
v2g.c:441:6:supported_app_protocol_req	1216	static
v2g.c:520:6:handle_session_setup	1296	static
v2g.c:669:6:handle_service_discovery	7544	static
v2g.c:778:6:handle_service_detail	7544	static
v2g.c:867:6:handle_payment_service_selection	7544	static
v2g.c:937:6:handle_payment_details	7536	static
v2g.c:961:6:handle_certificate_installation	7544	static
v2g.c:1194:6:handle_authorization	7536	static
v2g.c:1221:6:handle_charge_param_discovery	7544	static
v2g.c:1323:6:handle_cable_check	7536	static
v2g.c:1356:6:handle_pre_charge	7536	static
v2g.c:1394:6:handle_power_delivery	7544	static
v2g.c:1466:6:handle_current_demand	7536	static
v2g.c:1524:6:handle_welding_detection	7536	static
v2g.c:1547:6:handle_charging_status	7536	static
v2g.c:1574:6:handle_session_stop	7536	static
v2g.c:1589:8:v2g_physical_val_get	24	static
v2g.c:1593:6:check_ev_session_id	8	static
v2g.c:1606:6:v2g_init	16	static
v2g.c:1617:6:sdp_init	16	static
