v2g.c:47:12:serializeEXI2Stream	24	static
v2g.c:58:12:deserializeStream2EXI	24	static
v2g.c:71:13:secc_discovery_protocol	64	static
v2g.c:185:13:v2g_session	33296	static
v2g.c:456:6:supported_app_protocol_req	1240	static
v2g.c:539:6:handle_session_setup	1256	static
v2g.c:665:6:handle_service_discovery	7544	static
v2g.c:739:6:handle_service_detail	7544	static
v2g.c:828:6:handle_payment_service_selection	7544	static
v2g.c:891:6:handle_payment_details	7536	static
v2g.c:915:6:handle_certificate_installation	7536	static
v2g.c:1140:6:handle_authorization	7536	static
v2g.c:1167:6:handle_charge_param_discovery	7544	static
v2g.c:1297:6:handle_cable_check	7536	static
v2g.c:1330:6:handle_pre_charge	7536	static
v2g.c:1368:6:handle_power_delivery	7544	static
v2g.c:1426:6:handle_current_demand	7536	static
v2g.c:1484:6:handle_welding_detection	7536	static
v2g.c:1507:6:handle_charging_status	7536	static
v2g.c:1534:6:handle_session_stop	7536	static
v2g.c:1549:8:v2g_physical_val_get	24	static
v2g.c:1553:6:check_ev_session_id	8	static
v2g.c:1566:6:v2g_init	16	static
v2g.c:1573:6:sdp_init	16	static
