v2g.c:48:13:init_v2gExiDoc_response	16	static
v2g.c:59:12:serializeEXI2Stream	24	static
v2g.c:69:12:deserializeStream2EXI	24	static
v2g.c:82:13:secc_discovery_protocol	64	static
v2g.c:196:13:v2g_session	4160	static
v2g.c:440:6:supported_app_protocol_req	1216	static
v2g.c:519:6:handle_session_setup	1296	static
v2g.c:668:6:handle_service_discovery	7544	static
v2g.c:777:6:handle_service_detail	7544	static
v2g.c:866:6:handle_payment_service_selection	7544	static
v2g.c:938:6:handle_payment_details	7536	static
v2g.c:962:6:handle_certificate_installation	14872	static
v2g.c:1313:6:handle_authorization	7536	static
v2g.c:1340:6:handle_charge_param_discovery	7544	static
v2g.c:1442:6:handle_cable_check	7536	static
v2g.c:1475:6:handle_pre_charge	7536	static
v2g.c:1513:6:handle_power_delivery	7544	static
v2g.c:1585:6:handle_current_demand	7536	static
v2g.c:1643:6:handle_welding_detection	7536	static
v2g.c:1666:6:handle_charging_status	7536	static
v2g.c:1693:6:handle_session_stop	7536	static
v2g.c:1708:8:v2g_physical_val_get	24	static
v2g.c:1712:6:check_ev_session_id	8	static
v2g.c:1725:6:v2g_init	16	static
v2g.c:1736:6:sdp_init	16	static
