v2g.c:44:12:serializeEXI2Stream	24	static
v2g.c:54:12:deserializeStream2EXI	24	static
v2g.c:75:16:tls_net_send	40	static
v2g.c:83:16:tls_net_rcv	24	static
v2g.c:92:12:tls_init	1056	static
v2g.c:174:13:secc_discovery_protocol	64	static
v2g.c:273:13:v2g_session	33296	static
v2g.c:450:9:supported_app_protocol_req	1232	static
v2g.c:534:9:handle_session_setup	80	static
v2g.c:598:9:handle_service_discovery	16	static
v2g.c:627:9:handle_service_detail	16	static
v2g.c:647:9:handle_payment_service_selection	24	static
v2g.c:682:9:handle_payment_details	24	static
v2g.c:702:9:handle_authorization	16	static
v2g.c:725:9:handle_charge_param_discovery	32	static
v2g.c:854:9:handle_cable_check	16	static
v2g.c:884:9:handle_pre_charge	16	static
v2g.c:919:9:handle_power_delivery	24	static
v2g.c:959:9:handle_current_demand	24	static
v2g.c:1016:9:handle_welding_detection	16	static
v2g.c:1037:9:handle_charging_status	24	static
v2g.c:1061:9:handle_session_stop	16	static
v2g.c:1073:8:v2g_physical_val_get	24	static
v2g.c:1077:6:v2g_init	16	static
v2g.c:1082:6:sdp_init	16	static
