v2g.c:40:12:serializeEXI2Stream	24	static
v2g.c:50:12:deserializeStream2EXI	24	static
v2g.c:64:12:tls_net_send	40	static
v2g.c:73:12:tls_net_rcv	32	static
v2g.c:84:13:secc_discovery_protocol	64	static
v2g.c:183:13:v2g_session	33304	static
v2g.c:352:9:supported_app_protocol_req	1232	static
v2g.c:436:9:handle_session_setup	80	static
v2g.c:500:9:handle_service_discovery	16	static
v2g.c:529:9:handle_service_detail	16	static
v2g.c:549:9:handle_payment_service_selection	24	static
v2g.c:584:9:handle_payment_details	24	static
v2g.c:604:9:handle_authorization	16	static
v2g.c:627:9:handle_charge_param_discovery	32	static
v2g.c:756:9:handle_cable_check	16	static
v2g.c:786:9:handle_pre_charge	16	static
v2g.c:821:9:handle_power_delivery	24	static
v2g.c:861:9:handle_current_demand	24	static
v2g.c:918:9:handle_welding_detection	16	static
v2g.c:939:9:handle_charging_status	24	static
v2g.c:963:9:handle_session_stop	16	static
v2g.c:975:8:v2g_physical_val_get	24	static
v2g.c:979:6:v2g_init	16	static
v2g.c:984:6:sdp_init	16	static
