v2g.c:86:13:secc_discovery_protocol	72	static
v2g.c:444:6:supported_app_protocol_req	1232	static
v2g.c:523:6:handle_session_setup	1248	static
v2g.c:672:6:handle_service_discovery	7576	static
v2g.c:781:6:handle_service_detail	7552	static
v2g.c:870:6:handle_payment_service_selection	7584	static
v2g.c:942:6:handle_payment_details	7552	static
v2g.c:966:6:handle_certificate_installation	11616	static
v2g.c:200:13:v2g_session	11720	static
v2g.c:1407:6:handle_authorization	7552	static
v2g.c:1434:6:handle_charge_param_discovery	7560	static
v2g.c:1536:6:handle_cable_check	7552	static
v2g.c:1569:6:handle_pre_charge	7552	static
v2g.c:1607:6:handle_power_delivery	7552	static
v2g.c:1679:6:handle_current_demand	7560	static
v2g.c:1737:6:handle_welding_detection	7552	static
v2g.c:1760:6:handle_charging_status	7552	static
v2g.c:1787:6:handle_session_stop	7552	static
v2g.c:1802:8:v2g_physical_val_get	24	static
v2g.c:1806:6:check_ev_session_id	16	static
v2g.c:1819:6:v2g_init	16	static
v2g.c:1830:6:sdp_init	16	static
