v2g.c:85:13:secc_discovery_protocol	72	static
v2g.c:443:6:supported_app_protocol_req	1232	static
v2g.c:522:6:handle_session_setup	1248	static
v2g.c:671:6:handle_service_discovery	7576	static
v2g.c:780:6:handle_service_detail	7552	static
v2g.c:869:6:handle_payment_service_selection	7584	static
v2g.c:941:6:handle_payment_details	7552	static
v2g.c:965:6:handle_certificate_installation	11512	static
v2g.c:199:13:v2g_session	11720	static
v2g.c:1417:6:handle_authorization	7552	static
v2g.c:1444:6:handle_charge_param_discovery	7560	static
v2g.c:1546:6:handle_cable_check	7552	static
v2g.c:1579:6:handle_pre_charge	7552	static
v2g.c:1617:6:handle_power_delivery	7552	static
v2g.c:1689:6:handle_current_demand	7560	static
v2g.c:1747:6:handle_welding_detection	7552	static
v2g.c:1770:6:handle_charging_status	7552	static
v2g.c:1797:6:handle_session_stop	7552	static
v2g.c:1812:8:v2g_physical_val_get	24	static
v2g.c:1816:6:check_ev_session_id	16	static
v2g.c:1829:6:v2g_init	16	static
v2g.c:1840:6:sdp_init	16	static
