v2g.c:84:13:secc_discovery_protocol	72	static
v2g.c:442:6:supported_app_protocol_req	1232	static
v2g.c:521:6:handle_session_setup	1248	static
v2g.c:670:6:handle_service_discovery	7576	static
v2g.c:779:6:handle_service_detail	7552	static
v2g.c:868:6:handle_payment_service_selection	7584	static
v2g.c:940:6:handle_payment_details	7552	static
v2g.c:964:6:handle_certificate_installation	10984	static
v2g.c:198:13:v2g_session	11720	static
v2g.c:1378:6:handle_authorization	7552	static
v2g.c:1405:6:handle_charge_param_discovery	7560	static
v2g.c:1507:6:handle_cable_check	7552	static
v2g.c:1540:6:handle_pre_charge	7552	static
v2g.c:1578:6:handle_power_delivery	7552	static
v2g.c:1650:6:handle_current_demand	7560	static
v2g.c:1708:6:handle_welding_detection	7552	static
v2g.c:1731:6:handle_charging_status	7552	static
v2g.c:1758:6:handle_session_stop	7552	static
v2g.c:1773:8:v2g_physical_val_get	24	static
v2g.c:1777:6:check_ev_session_id	16	static
v2g.c:1790:6:v2g_init	16	static
v2g.c:1801:6:sdp_init	16	static
