ecdh.c:94:5:mbedtls_ecdh_gen_public	40	static
ecdh.c:142:5:mbedtls_ecdh_compute_shared	88	static
ecdh.c:172:6:mbedtls_ecdh_init	8	static
ecdh.c:209:5:mbedtls_ecdh_setup	8	static
ecdh.c:256:6:mbedtls_ecdh_free	8	static
ecdh.c:339:5:mbedtls_ecdh_make_params	56	static
ecdh.c:388:5:mbedtls_ecdh_read_params	24	static
ecdh.c:444:5:mbedtls_ecdh_get_params	16	static
ecdh.c:525:5:mbedtls_ecdh_make_public	64	static
ecdh.c:576:5:mbedtls_ecdh_read_public	24	static
ecdh.c:645:5:mbedtls_ecdh_calc_secret	88	static
