ecp.c:434:31:mbedtls_ecp_curve_list	4	static
ecp.c:442:29:mbedtls_ecp_grp_id_list	16	static
ecp.c:468:31:mbedtls_ecp_curve_info_from_grp_id	24	static
ecp.c:486:31:mbedtls_ecp_curve_info_from_tls_id	24	static
ecp.c:504:31:mbedtls_ecp_curve_info_from_name	24	static
ecp.c:525:30:ecp_get_type	16	static
ecp.c:539:6:mbedtls_ecp_point_init	16	static
ecp.c:551:6:mbedtls_ecp_group_init	16	static
ecp.c:575:6:mbedtls_ecp_keypair_init	16	static
ecp.c:587:6:mbedtls_ecp_point_free	16	static
ecp.c:600:6:mbedtls_ecp_group_free	24	static
ecp.c:629:6:mbedtls_ecp_keypair_free	16	static
ecp.c:642:5:mbedtls_ecp_copy	24	static
ecp.c:659:5:mbedtls_ecp_group_copy	16	static
ecp.c:670:5:mbedtls_ecp_set_zero	24	static
ecp.c:686:5:mbedtls_ecp_is_zero	16	static
ecp.c:696:5:mbedtls_ecp_point_cmp	16	static
ecp.c:715:5:mbedtls_ecp_point_read_string	32	static
ecp.c:734:5:mbedtls_ecp_point_write_binary	32	static
ecp.c:793:5:mbedtls_ecp_point_read_binary	32	static
ecp.c:836:5:mbedtls_ecp_tls_read_point	32	static
ecp.c:872:5:mbedtls_ecp_tls_write_point	40	static
ecp.c:906:5:mbedtls_ecp_tls_read_group	32	static
ecp.c:925:5:mbedtls_ecp_tls_read_group_id	32	static
ecp.c:964:5:mbedtls_ecp_tls_write_group	32	static
ecp.c:1002:12:ecp_modp	24	static
ecp.c:1087:12:ecp_normalize_jac	48	static
ecp.c:1140:12:ecp_normalize_jac_many	72	static
ecp.c:1231:12:ecp_safe_invert_jac	48	static
ecp.c:1275:12:ecp_double_jac	80	static
ecp.c:1373:12:ecp_add_mixed	112	static
ecp.c:1462:12:ecp_randomize_jac	64	static
ecp.c:1570:13:ecp_comb_recode_core	40	static
ecp.c:1636:12:ecp_precompute_comb	48	static
ecp.c:1775:12:ecp_select_comb	32	static
ecp.c:1800:12:troll	8	static
ecp.c:1811:12:ecp_mul_comb_core	80	static
ecp.c:1913:12:ecp_comb_recode_scalar	56	static
ecp.c:1955:12:ecp_mul_comb_after_precomp	256	static
ecp.c:2008:22:ecp_pick_window_size	24	static
ecp.c:2053:12:ecp_mul_comb	72	static
ecp.c:2390:5:mbedtls_ecp_mul_restartable	48	static
ecp.c:2471:5:mbedtls_ecp_mul	40	static
ecp.c:2487:12:ecp_check_pubkey_sw	48	static
ecp.c:2536:12:mbedtls_ecp_mul_shortcuts	48	static
ecp.c:2575:5:mbedtls_ecp_muladd_restartable	80	static
ecp.c:2676:5:mbedtls_ecp_muladd	40	static
ecp.c:2708:5:mbedtls_ecp_check_pubkey	16	static
ecp.c:2732:5:mbedtls_ecp_check_privkey	16	static
ecp.c:2772:5:mbedtls_ecp_gen_privkey	40	static
ecp.c:2856:5:mbedtls_ecp_gen_keypair_base	40	static
ecp.c:2879:5:mbedtls_ecp_gen_keypair	32	static
ecp.c:2895:5:mbedtls_ecp_gen_key	40	static
ecp.c:2911:5:mbedtls_ecp_check_pub_priv	200	static
ecp.c:2957:5:mbedtls_ecp_self_test	288	static
