ssl_tls.c:6203:13:ssl_calc_finished_tls_sha256	192	static
ssl_tls.c:1199:6:ssl_calc_verify_tls_sha256	144	static
ssl_tls.c:493:12:tls_prf_generic	256	static
ssl_tls.c:557:12:tls_prf_sha256	32	static
ssl_tls.c:568:12:tls_prf_sha384	32	static
ssl_tls.c:395:12:tls1_prf	216	static
ssl_tls.c:6252:13:ssl_calc_finished_tls_sha384	312	static
ssl_tls.c:1220:6:ssl_calc_verify_tls_sha384	248	static
ssl_tls.c:6143:13:ssl_calc_finished_tls	264	static
ssl_tls.c:1171:6:ssl_calc_verify_tls	216	static
ssl_tls.c:6031:13:ssl_update_checksum_md5sha1	16	static
ssl_tls.c:6058:13:ssl_calc_finished_ssl	312	static
ssl_tls.c:1122:6:ssl_calc_verify_ssl	320	static
ssl_tls.c:334:12:ssl3_prf	264	static
ssl_tls.c:1370:13:ssl_mac	96	static
ssl_tls.c:6041:13:ssl_update_checksum_sha256	0	static
ssl_tls.c:6049:13:ssl_update_checksum_sha384	0	static
ssl_tls.c:6011:13:ssl_update_checksum_start	16	static
ssl_tls.c:610:5:mbedtls_ssl_derive_keys	400	static
ssl_tls.c:1242:5:mbedtls_ssl_psk_derive_premaster	48	static
ssl_tls.c:2531:5:mbedtls_ssl_fetch_input	56	static
ssl_tls.c:2746:5:mbedtls_ssl_flush_output	48	static
ssl_tls.c:3333:5:mbedtls_ssl_write_record	152	static
ssl_tls.c:3174:5:mbedtls_ssl_write_handshake_msg	32	static
ssl_tls.c:8565:12:ssl_write_real	24	static
ssl_tls.c:3609:5:mbedtls_ssl_prepare_handshake_record	40	static
ssl_tls.c:3701:6:mbedtls_ssl_update_handshake_status	4	static
ssl_tls.c:5103:5:mbedtls_ssl_handle_message_type	32	static
ssl_tls.c:5221:5:mbedtls_ssl_send_fatal_handshake_failure	32	static
ssl_tls.c:5235:5:mbedtls_ssl_send_alert_message	40	static
ssl_tls.c:4302:5:mbedtls_ssl_read_record	160	static
ssl_tls.c:5316:5:mbedtls_ssl_write_certificate	40	static
ssl_tls.c:5869:5:mbedtls_ssl_write_change_cipher_spec	24	static
ssl_tls.c:5892:5:mbedtls_ssl_parse_change_cipher_spec	24	static
ssl_tls.c:5965:6:mbedtls_ssl_optimize_checksum	0	static
ssl_tls.c:5994:6:mbedtls_ssl_reset_checksum	8	static
ssl_tls.c:6388:5:mbedtls_ssl_write_finished	24	static
ssl_tls.c:6512:5:mbedtls_ssl_parse_finished	72	static
ssl_tls.c:6654:6:mbedtls_ssl_session_init	0	static
ssl_tls.c:6832:6:mbedtls_ssl_init	0	static
ssl_tls.c:7057:6:mbedtls_ssl_conf_endpoint	0	static
ssl_tls.c:7062:6:mbedtls_ssl_conf_transport	0	static
ssl_tls.c:7097:6:mbedtls_ssl_conf_authmode	0	static
ssl_tls.c:7103:6:mbedtls_ssl_conf_verify	0	static
ssl_tls.c:7112:6:mbedtls_ssl_conf_rng	0	static
ssl_tls.c:7120:6:mbedtls_ssl_conf_dbg	0	static
ssl_tls.c:7128:6:mbedtls_ssl_set_bio	4	static
ssl_tls.c:7147:6:mbedtls_ssl_conf_read_timeout	0	static
ssl_tls.c:7152:6:mbedtls_ssl_set_timer_cb	24	static
ssl_tls.c:7166:6:mbedtls_ssl_conf_session_cache	0	static
ssl_tls.c:7178:5:mbedtls_ssl_set_session	24	static
ssl_tls.c:7199:6:mbedtls_ssl_conf_ciphersuites	0	static
ssl_tls.c:7208:6:mbedtls_ssl_conf_ciphersuites_for_version	0	static
ssl_tls.c:7222:6:mbedtls_ssl_conf_cert_profile	0	static
ssl_tls.c:7259:5:mbedtls_ssl_conf_own_cert	16	static
ssl_tls.c:7266:6:mbedtls_ssl_conf_ca_chain	0	static
ssl_tls.c:7276:5:mbedtls_ssl_set_hs_own_cert	16	static
ssl_tls.c:7284:6:mbedtls_ssl_set_hs_ca_chain	0	static
ssl_tls.c:7292:6:mbedtls_ssl_set_hs_authmode	0	static
ssl_tls.c:7326:5:mbedtls_ssl_conf_psk	32	static
ssl_tls.c:7377:5:mbedtls_ssl_set_hs_psk	24	static
ssl_tls.c:7403:6:mbedtls_ssl_conf_psk_cb	0	static
ssl_tls.c:7416:5:mbedtls_ssl_conf_dh_param	24	static
ssl_tls.c:7432:5:mbedtls_ssl_conf_dh_param_bin	24	static
ssl_tls.c:7449:5:mbedtls_ssl_conf_dh_param_ctx	24	static
ssl_tls.c:7469:6:mbedtls_ssl_conf_dhm_min_bitlen	0	static
ssl_tls.c:7480:6:mbedtls_ssl_conf_sig_hashes	0	static
ssl_tls.c:7491:6:mbedtls_ssl_conf_curves	0	static
ssl_tls.c:7499:5:mbedtls_ssl_set_hostname	24	static
ssl_tls.c:7545:6:mbedtls_ssl_conf_sni	0	static
ssl_tls.c:7556:5:mbedtls_ssl_conf_alpn_protocols	24	static
ssl_tls.c:7581:13:mbedtls_ssl_get_alpn_protocol	0	static
ssl_tls.c:7587:6:mbedtls_ssl_conf_max_version	0	static
ssl_tls.c:7593:6:mbedtls_ssl_conf_min_version	0	static
ssl_tls.c:7600:6:mbedtls_ssl_conf_fallback	0	static
ssl_tls.c:7607:6:mbedtls_ssl_conf_cert_req_ca_list	0	static
ssl_tls.c:7615:6:mbedtls_ssl_conf_encrypt_then_mac	0	static
ssl_tls.c:7622:6:mbedtls_ssl_conf_extended_master_secret	0	static
ssl_tls.c:7636:5:mbedtls_ssl_conf_max_frag_len	0	static
ssl_tls.c:7651:6:mbedtls_ssl_conf_truncated_hmac	0	static
ssl_tls.c:7658:6:mbedtls_ssl_conf_cbc_record_splitting	0	static
ssl_tls.c:7664:6:mbedtls_ssl_conf_legacy_renegotiation	0	static
ssl_tls.c:7670:6:mbedtls_ssl_conf_renegotiation	0	static
ssl_tls.c:7675:6:mbedtls_ssl_conf_renegotiation_enforced	0	static
ssl_tls.c:7680:6:mbedtls_ssl_conf_renegotiation_period	0	static
ssl_tls.c:7689:6:mbedtls_ssl_conf_session_tickets	0	static
ssl_tls.c:7696:6:mbedtls_ssl_conf_session_tickets_cb	0	static
ssl_tls.c:7709:6:mbedtls_ssl_conf_export_keys_cb	0	static
ssl_tls.c:7758:8:mbedtls_ssl_get_bytes_avail	0	static
ssl_tls.c:7763:5:mbedtls_ssl_check_pending	16	static
ssl_tls.c:7818:10:mbedtls_ssl_get_verify_result	0	static
ssl_tls.c:7829:13:mbedtls_ssl_get_ciphersuite	0	static
ssl_tls.c:7837:13:mbedtls_ssl_get_version	0	static
ssl_tls.c:7875:5:mbedtls_ssl_get_record_expansion	16	static
ssl_tls.c:7929:8:mbedtls_ssl_get_max_frag_len	0	static
ssl_tls.c:7980:5:mbedtls_ssl_get_max_out_record_payload	0	static
ssl_tls.c:8026:25:mbedtls_ssl_get_peer_cert	0	static
ssl_tls.c:8036:5:mbedtls_ssl_get_session	16	static
ssl_tls.c:8053:5:mbedtls_ssl_handshake_step	8	static
ssl_tls.c:8076:5:mbedtls_ssl_handshake	24	static
ssl_tls.c:8708:5:mbedtls_ssl_close_notify	24	static
ssl_tls.c:8736:6:mbedtls_ssl_transform_free	8	static
ssl_tls.c:8805:6:mbedtls_ssl_handshake_free	16	static
ssl_tls.c:6326:6:mbedtls_ssl_handshake_wrapup	24	static
ssl_tls.c:6659:12:ssl_handshake_init	24	static
ssl_tls.c:6862:5:mbedtls_ssl_setup	24	static
ssl_tls.c:7049:5:mbedtls_ssl_session_reset	24	static
ssl_tls.c:8173:5:mbedtls_ssl_renegotiate	24	static
ssl_tls.c:8229:12:ssl_check_ctr_renegotiate	24	static
ssl_tls.c:8668:5:mbedtls_ssl_write	32	static
ssl_tls.c:8260:5:mbedtls_ssl_read	48	static
ssl_tls.c:8896:6:mbedtls_ssl_session_free	8	static
ssl_tls.c:8919:6:mbedtls_ssl_free	24	static
ssl_tls.c:8998:6:mbedtls_ssl_config_init	0	static
ssl_tls.c:9045:5:mbedtls_ssl_config_defaults	296	static
ssl_tls.c:9245:6:mbedtls_ssl_config_free	16	static
ssl_tls.c:9282:15:mbedtls_ssl_sig_from_pk	8	static
ssl_tls.c:9295:15:mbedtls_ssl_sig_from_pk_alg	0	static
ssl_tls.c:9308:19:mbedtls_ssl_pk_alg_from_sig	0	static
ssl_tls.c:9330:19:mbedtls_ssl_sig_hash_set_find	0	static
ssl_tls.c:9345:6:mbedtls_ssl_sig_hash_set_add	0	static
ssl_tls.c:9367:6:mbedtls_ssl_sig_hash_set_const_hash	0	static
ssl_tls.c:9380:19:mbedtls_ssl_md_alg_from_hash	0	static
ssl_tls.c:9412:15:mbedtls_ssl_hash_from_md_alg	0	static
ssl_tls.c:9446:5:mbedtls_ssl_check_curve	0	static
ssl_tls.c:9466:5:mbedtls_ssl_check_sig_hash	0	static
ssl_tls.c:9483:5:mbedtls_ssl_check_cert_usage	16	static
ssl_tls.c:5635:5:mbedtls_ssl_parse_certificate	56	static
ssl_tls.c:9582:6:mbedtls_ssl_write_version	0	static
ssl_tls.c:9604:6:mbedtls_ssl_read_version	0	static
ssl_tls.c:9626:5:mbedtls_ssl_set_calc_verify_md	0	static
ssl_tls.c:9670:5:mbedtls_ssl_get_key_exchange_md_ssl_tls	216	static
ssl_tls.c:9756:5:mbedtls_ssl_get_key_exchange_md_tls1_2	48	static
