pbuf.c:727:1:pbuf_free.part.3	32	static
pbuf.c:224:1:pbuf_alloc	32	static
pbuf.c:329:1:pbuf_alloc_reference	16	static
pbuf.c:365:1:pbuf_alloced_custom	12	static
pbuf.c:404:1:pbuf_realloc	24	static
pbuf.c:553:1:pbuf_add_header	8	static
pbuf.c:563:1:pbuf_add_header_force	16	static
pbuf.c:584:1:pbuf_remove_header	16	static
pbuf.c:648:1:pbuf_header	16	static
pbuf.c:658:1:pbuf_header_force	16	static
pbuf.c:673:1:pbuf_free_header	16	static
pbuf.c:727:1:pbuf_free	8	static
pbuf.c:811:1:pbuf_clen	0	static
pbuf.c:831:1:pbuf_ref	8	static
pbuf.c:855:1:pbuf_cat	16	static
pbuf.c:897:1:pbuf_chain	16	static
pbuf.c:914:1:pbuf_dechain	16	static
pbuf.c:963:1:pbuf_copy	32	static
pbuf.c:1029:1:pbuf_copy_partial	24	static
pbuf.c:1076:1:pbuf_get_contiguous	16	static
pbuf.c:1180:1:pbuf_skip	0	static
pbuf.c:1198:1:pbuf_take	32	static
pbuf.c:1242:1:pbuf_take_at	24	static
pbuf.c:1280:1:pbuf_coalesce	24	static
pbuf.c:1308:1:pbuf_clone	16	static
pbuf.c:1373:1:pbuf_get_at	0	static
pbuf.c:1391:1:pbuf_try_get_at	0	static
pbuf.c:1413:1:pbuf_put_at	0	static
pbuf.c:1436:1:pbuf_memcmp	16	static
pbuf.c:1478:1:pbuf_memfind	32	static
pbuf.c:1505:1:pbuf_strstr	16	static
