tcp_out.c:225:1:tcp_pbuf_prealloc	40	static
tcp_out.c:158:1:tcp_create_segment	32	static
tcp_out.c:1862:1:tcp_output_alloc_header.constprop	40	static
tcp_out.c:1930:1:tcp_output_control_segment	48	static
tcp_out.c:391:1:tcp_write	112	static
tcp_out.c:836:1:tcp_split_unsent_seg	48	static
tcp_out.c:1010:1:tcp_send_fin	32	static
tcp_out.c:1041:1:tcp_enqueue_flags	32	static
tcp_out.c:1640:1:tcp_rexmit_rto_prepare	24	static
tcp_out.c:1733:1:tcp_rexmit	24	static
tcp_out.c:1792:1:tcp_rexmit_fast	8	static
tcp_out.c:1989:1:tcp_rst	40	static
tcp_out.c:2028:1:tcp_send_empty_ack	8	static
tcp_out.c:1246:1:tcp_output	56	static
tcp_out.c:1695:1:tcp_rexmit_rto_commit	8	static
tcp_out.c:1716:1:tcp_rexmit_rto	24	static
tcp_out.c:2087:1:tcp_keepalive	8	static
tcp_out.c:2125:1:tcp_zero_window_probe	24	static
