udp.c:87:1:udp_init	8	static
udp.c:100:1:udp_new_port	16	static
udp.c:130:1:udp_input_local_match	24	static
udp.c:194:1:udp_input	64	static
udp.c:467:1:udp_send	16	static
udp.c:520:1:udp_sendto	40	static
udp.c:624:1:udp_sendto_if	40	static
udp.c:701:1:udp_sendto_if_src	72	static
udp.c:934:1:udp_bind	64	static
udp.c:1048:1:udp_bind_netif	16	static
udp.c:1077:1:udp_connect	40	static
udp.c:1132:1:udp_disconnect	16	static
udp.c:1164:1:udp_recv	24	static
udp.c:1185:1:udp_remove	24	static
udp.c:1225:1:udp_new	16	static
udp.c:1263:1:udp_new_ip_type	24	static
udp.c:1286:6:udp_netif_ip_addr_changed	24	static
